\BOOKMARK [1][]{section.1}{\376\377\0001\000\040\173\046\123\367\213\364\146\016}{}% 1
\BOOKMARK [1][]{section.2}{\376\377\0002\000\040\225\356\230\230\116\000\166\204\152\041\127\213\166\204\136\372\172\313\124\214\154\102\211\343}{}% 2
\BOOKMARK [2][]{subsection.2.1}{\376\377\0002\000.\0001\000\040\152\041\127\213\136\372\172\313}{section.2}% 3
\BOOKMARK [2][]{subsection.2.2}{\376\377\0002\000.\0002\000\040\152\041\127\213\154\102\211\343}{section.2}% 4
\BOOKMARK [2][]{subsection.2.3}{\376\377\0002\000.\0003\000\040\154\102\211\343\176\323\147\234}{section.2}% 5
\BOOKMARK [1][]{section.3}{\376\377\0003\000\040\225\356\230\230\116\214\166\204\152\041\127\213\166\204\136\372\172\313\124\214\154\102\211\343}{}% 6
\BOOKMARK [2][]{subsection.3.1}{\376\377\0003\000.\0001\000\040\152\041\127\213\136\372\172\313}{section.3}% 7
\BOOKMARK [2][]{subsection.3.2}{\376\377\0003\000.\0002\000\040\152\041\127\213\154\102\211\343}{section.3}% 8
\BOOKMARK [2][]{subsection.3.3}{\376\377\0003\000.\0003\000\040\154\102\211\343\176\323\147\234}{section.3}% 9
\BOOKMARK [1][]{section.4}{\376\377\0004\000\040\225\356\230\230\116\011\166\204\152\041\127\213\166\204\136\372\172\313\124\214\154\102\211\343}{}% 10
\BOOKMARK [2][]{subsection.4.1}{\376\377\0004\000.\0001\000\040\152\041\127\213\136\372\172\313}{section.4}% 11
\BOOKMARK [2][]{subsection.4.2}{\376\377\0004\000.\0002\000\040\152\041\127\213\154\102\211\343}{section.4}% 12
\BOOKMARK [2][]{subsection.4.3}{\376\377\0004\000.\0003\000\040\154\102\211\343\176\323\147\234}{section.4}% 13
\BOOKMARK [1][]{section.5}{\376\377\0005\000\040\225\356\230\230\126\333\166\204\152\041\127\213\166\204\136\372\172\313\124\214\154\102\211\343}{}% 14
\BOOKMARK [2][]{subsection.5.1}{\376\377\0005\000.\0001\000\040\152\041\127\213\136\372\172\313}{section.5}% 15
\BOOKMARK [2][]{subsection.5.2}{\376\377\0005\000.\0002\000\040\152\041\127\213\154\102\211\343}{section.5}% 16
\BOOKMARK [2][]{subsection.5.3}{\376\377\0005\000.\0003\000\040\154\102\211\343\176\323\147\234}{section.5}% 17
\BOOKMARK [1][]{section.6}{\376\377\0006\000\040\126\376\210\150\166\204\143\322\121\145}{}% 18
\BOOKMARK [2][]{subsection.6.1}{\376\377\0006\000.\0001\000\040\210\150\150\074\166\204\143\322\121\145}{section.6}% 19
\BOOKMARK [2][]{subsection.6.2}{\376\377\0006\000.\0002\000\040\126\376\166\204\143\322\121\145}{section.6}% 20
\BOOKMARK [1][]{appendix.a.A}{\376\377\226\104\137\125\000\040\000A\000\040\145\207\116\366\122\027\210\150}{}% 21
\BOOKMARK [1][]{appendix.a.B}{\376\377\226\104\137\125\000\040\000B\000\040\116\343\170\001}{}% 22
