\BOOKMARK [1][]{section.1}{\376\377\0001\000\040\116\000\202\054\137\142\137\017\166\204\171\273\145\143\147\011\226\120\145\366\225\364\000L\000Q\000R\225\356\230\230}{}% 1
\BOOKMARK [1][]{section.2}{\376\377\0002\000\040\122\250\140\001\211\304\122\022\154\325\154\102\211\343}{}% 2
\BOOKMARK [2][]{subsection.2.1}{\376\377\0002\000.\0001\000\040\121\167\117\123\143\250\133\374}{section.2}% 3
\BOOKMARK [2][]{subsection.2.2}{\376\377\0002\000.\0002\000\040\173\227\154\325\155\101\172\013}{section.2}% 4
\BOOKMARK [1][]{section.3}{\376\377\0003\000\040\217\154\123\026\116\072\000Q\000P\225\356\230\230\154\102\211\343}{}% 5
\BOOKMARK [2][]{subsection.3.1}{\376\377\0003\000.\0001\000\040\166\356\150\007\121\375\145\160\166\204\131\047\167\351\226\065\137\142\137\017}{section.3}% 6
\BOOKMARK [2][]{subsection.3.2}{\376\377\0003\000.\0002\000\040\162\266\140\001\172\172\225\364\145\271\172\013\166\204\131\047\167\351\226\065\137\142\137\017}{section.3}% 7
\BOOKMARK [2][]{subsection.3.3}{\376\377\0003\000.\0003\000\040\147\000\117\030\143\247\122\066\221\317\166\204\154\102\211\343}{section.3}% 8
\BOOKMARK [1][]{section.4}{\376\377\0004\000\040\000K\000K\000T\147\141\116\366\154\102\211\343\000L\000Q\000R\225\356\230\230}{}% 9
\BOOKMARK [2][]{subsection.4.1}{\376\377\0004\000.\0001\000\040\000K\000K\000T\147\141\116\366}{section.4}% 10
\BOOKMARK [2][]{subsection.4.2}{\376\377\0004\000.\0002\000\040\147\000\117\030\143\247\122\066\221\317\116\016\000R\000i\000c\000c\000a\000t\000i\145\271\172\013\166\204\143\250\133\374}{section.4}% 11
\BOOKMARK [2][]{subsection.4.3}{\376\377\0004\000.\0003\000\040\140\073\176\323}{section.4}% 12
\BOOKMARK [1][]{section.5}{\376\377\0005\000\040\127\127\000K\000K\000T\174\373\176\337\154\102\211\343\000L\000Q\000R\225\356\230\230}{}% 13
\BOOKMARK [2][]{subsection.5.1}{\376\377\0005\000.\0001\000\040\166\356\150\007\121\375\145\160\166\204\131\047\167\351\226\065\137\142\137\017}{section.5}% 14
\BOOKMARK [2][]{subsection.5.2}{\376\377\0005\000.\0002\000\040\176\246\147\137\147\141\116\366\166\204\131\047\167\351\226\065\137\142\137\017}{section.5}% 15
\BOOKMARK [2][]{subsection.5.3}{\376\377\0005\000.\0003\000\040\000L\000Q\000R\225\356\230\230\166\204\131\047\167\351\226\065\137\142\137\017}{section.5}% 16
\BOOKMARK [2][]{subsection.5.4}{\376\377\0005\000.\0004\000\040\127\127\000K\000K\000T\147\141\116\366}{section.5}% 17
\BOOKMARK [1][]{section.6}{\376\377\0006\000\040\126\376\210\150\166\204\143\322\121\145}{}% 18
\BOOKMARK [2][]{subsection.6.1}{\376\377\0006\000.\0001\000\040\210\150\150\074\166\204\143\322\121\145}{section.6}% 19
\BOOKMARK [2][]{subsection.6.2}{\376\377\0006\000.\0002\000\040\126\376\166\204\143\322\121\145}{section.6}% 20
